<!doctype html>
<html>
<head>
<meta charset="UTF-8">
<title>grunt-asset-packager test | sillypog</title>
<link rel="stylesheet" href="css/common.css">
</head>

<body>
	<p>Build status: <span id="status" class="not-built">Not Built</span></p>

	<script src="js/common.js"></script>

<script>
	console.log('Partial imported');
</script>

</body>
</html>
