<!doctype html>
<html>
<head>
<meta charset="UTF-8">
<title>grunt-asset-packager test | sillypog</title>
<link rel="stylesheet" href="css/style1.css">
<link rel="stylesheet" href="css/style2.css">
</head>

<body>
	<p>Build status: <span id="status" class="not-built">Not Built</span></p>

	<script src="js/file1.js"></script>
	<script src="js/file2.js"></script>

<script>
	console.log('Partial imported');
</script>

</body>
</html>
