<!doctype html>
<html>
<head>
<meta charset="UTF-8">
<title>Untitled Document</title>
</head>

<body>
	<script src="test/fixtures/js/file1.js"></script>
	<script src="test/fixtures/js/file2.js"></script>
</body>
</html>
