<!doctype html>
<html>
<head>
<meta charset="UTF-8">
<title>Untitled Document</title>
<link rel="stylesheet" href="common.css">
</head>

<body>
	<script src="common.js"></script>
</body>
</html>
