<script src="js/file1.js"></script>
<script src="js/file2.js"></script>