<script src="js/module1/file1.js"></script>
<script src="js/module1/file2.js"></script>